[jcinuniben-reg.vercel.app/index.html]
[backblue.gif]
[fade.gif]
[index.html]
[jcinuniben-reg.vercel.app/images/favicon.1.delayed]
[jcinuniben-reg.vercel.app/images/apple-touch-icon.2.delayed]
[jcinuniben-reg.vercel.app/images/favicon-32x32.3.delayed]
[jcinuniben-reg.vercel.app/images/favicon-16x16.4.delayed]
[jcinuniben-reg.vercel.app/images/site.5.delayed]
[cdnjs.cloudflare.com/ajax/libs/font-awesome/6.4.0/css/all.min.css]
[jcinuniben-reg.vercel.app/style.css]
[jcinuniben-reg.vercel.app/images2/logo.webp]
[jcinuniben-reg.vercel.app/index-2.html]
[jcinuniben-reg.vercel.app/about.html]
[jcinuniben-reg.vercel.app/personaldevelopment.html]
[jcinuniben-reg.vercel.app/businessentrepreneurship.html]
[jcinuniben-reg.vercel.app/communityaction.html]
[jcinuniben-reg.vercel.app/internationalcooperation.html]
[jcinuniben-reg.vercel.app/join.html]
[jcinuniben-reg.vercel.app/contact.html]
[jcinuniben-reg.vercel.app/images1/ic1.webp]
[jcinuniben-reg.vercel.app/images1/ic9.webp]
[jcinuniben-reg.vercel.app/images1/ee4.webp]
[jcinuniben-reg.vercel.app/pd.14.delayed]
[jcinuniben-reg.vercel.app/images1/ee100.webp]
[jcinuniben-reg.vercel.app/be.16.delayed]
[jcinuniben-reg.vercel.app/images1/ee6.webp]
[jcinuniben-reg.vercel.app/ca.18.delayed]
[jcinuniben-reg.vercel.app/images2/sca100.webp]
[jcinuniben-reg.vercel.app/images2/ige.webp]
[jcinuniben-reg.vercel.app/images2/odey.webp]
[jcinuniben-reg.vercel.app/images1/noel.webp]
[jcinuniben-reg.vercel.app/team.html]
[jcinuniben-reg.vercel.app/index.html]
[jcinuniben-reg.vercel.app/images/favicon.html]
[jcinuniben-reg.vercel.app/images/apple-touch-icon.html]
[jcinuniben-reg.vercel.app/images/favicon-32x32.html]
[jcinuniben-reg.vercel.app/images/favicon-16x16.html]
[jcinuniben-reg.vercel.app/images/site.html]
[cdnjs.cloudflare.com/ajax/libs/font-awesome/6.4.0/css/all.min.css]
[jcinuniben-reg.vercel.app/style.css]
[jcinuniben-reg.vercel.app/index-2.html]
[jcinuniben-reg.vercel.app/main.js]
[jcinuniben-reg.vercel.app/about.html]
[jcinuniben-reg.vercel.app/about.css]
[jcinuniben-reg.vercel.app/pd.css]
[jcinuniben-reg.vercel.app/images2/pd4.webp]
[jcinuniben-reg.vercel.app/images2/pd2.webp]
[jcinuniben-reg.vercel.app/images2/pd5.webp]
[jcinuniben-reg.vercel.app/images2/pd3.jpg]
[jcinuniben-reg.vercel.app/personaldevelopment.html]
[jcinuniben-reg.vercel.app/be.css]
[jcinuniben-reg.vercel.app/images1/ee8.webp]
[jcinuniben-reg.vercel.app/images1/ee3.webp]
[jcinuniben-reg.vercel.app/businessentrepreneurship.html]
[jcinuniben-reg.vercel.app/ca.css]
[jcinuniben-reg.vercel.app/images2/ca1.webp]
[jcinuniben-reg.vercel.app/images2/ca3.webp]
[jcinuniben-reg.vercel.app/images2/ca4.webp]
[jcinuniben-reg.vercel.app/images2/ca10.webp]
[jcinuniben-reg.vercel.app/communityaction.html]
[jcinuniben-reg.vercel.app/ic.css]
[jcinuniben-reg.vercel.app/images2/ic12.webp]
[jcinuniben-reg.vercel.app/internationalcooperation.html]
[jcinuniben-reg.vercel.app/join.html]
[jcinuniben-reg.vercel.app/join.css]
[jcinuniben-reg.vercel.app/contact.html]
[jcinuniben-reg.vercel.app/pd.html]
[jcinuniben-reg.vercel.app/be.html]
[jcinuniben-reg.vercel.app/ca.html]
[jcinuniben-reg.vercel.app/team.html]
[jcinuniben-reg.vercel.app/contact.css]
[jcinuniben-reg.vercel.app/images2/ca5.webp]
[jcinuniben-reg.vercel.app/about.css]
[jcinuniben-reg.vercel.app/pd.css]
[jcinuniben-reg.vercel.app/be.css]
[jcinuniben-reg.vercel.app/ca.css]
[jcinuniben-reg.vercel.app/ic.css]
[jcinuniben-reg.vercel.app/join.css]
[jcinuniben-reg.vercel.app/contact.css]
[jcinuniben.org/images/jcin-uniben-social.jpg]
